# mp_proto.py with MP_VERBOSE=1: ~6 s of battle relay traffic from both clients (relayXXXXX: the host's connection is the first EnterRoom's), first 48 body bytes per message; 2026-10-03 run 6
00:48:01 relay48460 < StartBattleStage ctr=0 flags=0x0 len=0 
00:48:01 relay44864 < StartBattleStage ctr=0 flags=0x0 len=0 
00:48:01   relay48460 > StartBattleStageRes len=4 flags=0x0
00:48:01   relay44864 > StartBattleStageRes len=4 flags=0x0
00:48:02 relay48460 < Message ctr=0 flags=0x0 len=76 000000000100000018000000000000003200000023000c0003000058ee4500000000000000000004010000c0ec450000
00:48:02   relay44864 > MessageRes len=72 flags=0x0
00:48:02 relay44864 < Message ctr=0 flags=0x0 len=44 010000000100000018000000000000001200000023000c0001000070b4450000000000000000010501000000
00:48:02   relay48460 > MessageRes len=40 flags=0x0
00:48:03 relay44864 < Snapshot ctr=0 flags=0x0 len=27 170000000101021000030042707b4318f0c743000080bf00000000
00:48:03   relay48460 > SnapshotRes len=27 flags=0x0
00:48:03 relay48460 < Snapshot ctr=0 flags=0x0 len=137 85000000060002100003000000f33b01ffc743000080bf00000000020210000300b8fe95c3b8fef943000080bf000000
00:48:03   relay44864 > SnapshotRes len=137 flags=0x0
00:48:03 relay44864 < AIParameter ctr=0 flags=0x0 len=44 0100000014000000000000000300000001000000040000000000404205000000000044420600000000003c42
00:48:03   relay48460 > AIParameterRes len=44 flags=0x0
00:48:03 relay44864 < Message ctr=0 flags=0x0 len=44 010000000100000018000000000000001200000023000c0001000070b4450000000000000000010501003c42
00:48:03   relay48460 > MessageRes len=40 flags=0x0
00:48:03 relay48460 < Message ctr=0 flags=0x0 len=272 000000000d000000d8000000000000000400000013000200dc000000000000000400000013000300e000000000000000
00:48:03   relay44864 > MessageRes len=268 flags=0x0
00:48:03 relay44864 < Snapshot ctr=0 flags=0x0 len=23 130000000101020c00010010b37a430af6c74360f7e60e
00:48:03   relay48460 > SnapshotRes len=23 flags=0x0
00:48:03 relay48460 < Snapshot ctr=0 flags=0x0 len=125 790000000600020c00010000b4023ceffec74300ae0b00020210000300b8fe95c3b8fef943d0fc5839a0b894bd03020c
00:48:03   relay44864 > SnapshotRes len=125 flags=0x0
00:48:03 relay48460 < Message ctr=0 flags=0x0 len=400 000000000b000000b8000000000000004a00000023000c00040100000000000004000000130002000801000000000000
00:48:03   relay44864 > MessageRes len=396 flags=0x0
00:48:04 relay44864 < Snapshot ctr=0 flags=0x0 len=23 130000000101020c0001002c0779433a0cc84330037a65
00:48:04   relay48460 > SnapshotRes len=23 flags=0x0
00:48:04 relay48460 < Snapshot ctr=0 flags=0x0 len=129 7d0000000600020c0001000027213caefec74300ae0b0002021000030086a795c3c35bf5430000010000f5823d030210
00:48:04   relay44864 > SnapshotRes len=129 flags=0x0
00:48:04 relay44864 < Snapshot ctr=0 flags=0x0 len=23 130000000101020c000100c36079437deec743000080bf
00:48:04   relay48460 > SnapshotRes len=23 flags=0x0
00:48:04 relay48460 < Snapshot ctr=0 flags=0x0 len=129 7d0000000600020c000100005cec3b03ffc74360f7e60e020210000300b74b95c3987ff043000001009f72a83d03020c
00:48:04   relay44864 > SnapshotRes len=129 flags=0x0
00:48:04 relay48460 < Message ctr=0 flags=0x0 len=28 00000000010000001800000000000000040000001300030001000000
00:48:04   relay44864 > MessageRes len=24 flags=0x0
00:48:04 relay44864 < Snapshot ctr=0 flags=0x0 len=23 130000000101020c000100e97f7a434f24c843a0493839
00:48:04   relay48460 > SnapshotRes len=23 flags=0x0
00:48:04 relay48460 < Snapshot ctr=0 flags=0x0 len=129 7d0000000600020c000100006a963b54ffc74330037a65020210000300064c95c3f27ff04300000100a0b9d43d030210
00:48:04   relay44864 > SnapshotRes len=129 flags=0x0
00:48:04 relay48460 < Message ctr=0 flags=0x0 len=56 000000000200000028000000000000000800000005000300300000000000000008000000050005000500000000002042
00:48:04   relay44864 > MessageRes len=52 flags=0x0
00:48:04 relay44864 < Message ctr=0 flags=0x0 len=36 010000000100000018000000000000000c00000025000e00040000000000000000000000
00:48:04   relay48460 > MessageRes len=32 flags=0x0
00:48:05 relay44864 < Snapshot ctr=0 flags=0x0 len=23 130000000101020c0001006b627d4337fec843a0047a39
00:48:05   relay48460 > SnapshotRes len=23 flags=0x0
00:48:05 relay48460 < Snapshot ctr=0 flags=0x0 len=129 7d0000000600020c0001000028213b99ffc7430a00000002020c000100514c95c34f80f043000080bf03021000030038
00:48:05   relay44864 > SnapshotRes len=129 flags=0x0
00:48:05 relay48460 < Message ctr=0 flags=0x0 len=132 000000000400000048000000000000000c00000025000e0054000000000000001a00000023000c007000000000000000
00:48:05   relay44864 > MessageRes len=128 flags=0x0
00:48:05 relay44864 < Message ctr=0 flags=0x0 len=36 010000000100000018000000000000000c00000025000e00070000000000000000000000
00:48:05   relay48460 > MessageRes len=32 flags=0x0
00:48:05 relay48460 < Snapshot ctr=0 flags=0x0 len=125 790000000600020c0001000080eb38e6ffc7430a00000002020c0001009f4c95c3b280f04330037a650302100003000a
00:48:05   relay44864 > SnapshotRes len=125 flags=0x0
00:48:05 relay44864 < Snapshot ctr=0 flags=0x0 len=23 130000000101020c000100bb6e7d4302c2c843a0047a39
00:48:05   relay48460 > SnapshotRes len=23 flags=0x0
00:48:05 relay48460 < Message ctr=0 flags=0x0 len=136 000000000400000048000000000000000c00000025000e0054000000000000002200000023000c007800000000000000
00:48:05   relay44864 > MessageRes len=132 flags=0x0
00:48:05 relay44864 < Message ctr=0 flags=0x0 len=36 010000000100000018000000000000000c00000025000e000b0000000000000000000000
00:48:05   relay48460 > MessageRes len=32 flags=0x0
00:48:05 relay44864 < AIParameter ctr=0 flags=0x0 len=44 010000001400000000000000030000000100000004000000000034420500000000003c420600000000003042
00:48:05   relay48460 > AIParameterRes len=44 flags=0x0
00:48:05 relay48460 < Snapshot ctr=0 flags=0x0 len=103 630000000500020c0001000060fa3aa7ffc743a0047a3902020c000100c24c95c3db80f04330037a6503020c000100e8
00:48:05   relay44864 > SnapshotRes len=103 flags=0x0
00:48:05 relay44864 < Snapshot ctr=0 flags=0x0 len=23 130000000101020c0001003c707b431af0c74300000000
00:48:05   relay48460 > SnapshotRes len=23 flags=0x0
00:48:05 relay48460 < Message ctr=0 flags=0x0 len=144 0000000002000000280000000000000051000000070003007c000000000000001200000023000c000800000005000000
00:48:05   relay44864 > MessageRes len=140 flags=0x0
00:48:06 relay44864 < Snapshot ctr=0 flags=0x0 len=23 130000000101020c000100684b7b43c5f0c74360f7e60e
00:48:06   relay48460 > SnapshotRes len=23 flags=0x0
00:48:06 relay48460 < Snapshot ctr=0 flags=0x0 len=99 5f0000000500020c00010000dc803b60ffc74330037a6502020c000100c24c95c3db80f043a0047a3903021000030035
00:48:06   relay44864 > SnapshotRes len=99 flags=0x0
00:48:06 relay48460 < Message ctr=0 flags=0x0 len=160 0000000004000000480000000000000004000000130002004c000000000000000c00000025000e005800000000000000
00:48:06   relay44864 > MessageRes len=156 flags=0x0
00:48:06 relay44864 < Snapshot ctr=0 flags=0x0 len=23 130000000101020c000100eefb7843df08c8430a000000
