# mp_proto.py, run 6 (host Fayt / guest Player2): room phase and mission start/end, without the battle stream
00:44:00 listening lobby_client 127.0.0.1 46343
00:44:00 listening relay_client 127.0.0.1 48305
00:46:49 lobby_client connect ('127.0.0.1', 44818)
00:47:06 lobby44818 < CreateRoom ctr=0 flags=0x0 len=600 0e00007e00000000000000000100000086d0793001000000cd345314c00500000000000000000000000000003c000000
00:47:06   lobby44818 > CreateRoomResult len=1104 flags=0x0
00:47:06 relay_client connect ('127.0.0.1', 48460)
00:47:06 lobby44818 closed
00:47:07 relay48460 < EnterRoom ctr=0 flags=0x0 len=1156 0e00007e00000000000000000100000086d0793001000000cd345314c00500000000000000000000000000003c000000
00:47:07   room 1001: EnterRoom -> slot=0 player_id=<P1-id> leader_uid=2113929230 name='Fayt' (slot 0 = host)
00:47:07   relay48460 > EnterRoomResult len=4624 flags=0x0
00:47:32 lobby_client connect ('127.0.0.1', 47638)
00:47:33 lobby47638 < GetRoomList ctr=0 flags=0x0 len=608 3000007e00000000000000000100000088ad429d01000000cd345314c005000000000000000000000000000032000000
00:47:33   lobby47638 > GetRoomListResult len=1116 flags=0x0
00:47:33 lobby47638 closed
00:47:39 relay_client connect ('127.0.0.1', 44864)
00:47:39 relay44864 < EnterRoom ctr=0 flags=0x0 len=1156 3000007e00000000000000000100000088ad429d01000000cd345314c005000000000000000000000000000032000000
00:47:39   room 1001: EnterRoom -> slot=1 player_id=1000000002 leader_uid=2113929264 name='Player2' (guest)
00:47:39   relay44864 > EnterRoomResult len=4624 flags=0x0
00:47:53 relay48460 < StartMultiplay ctr=0 flags=0x0 len=0 
00:47:53   relay48460 > StartMultiplayRes len=4610 flags=0x0
00:47:53   relay44864 > StartMultiplayRes len=4610 flags=0x0
00:47:54   MissionStart for slot 0: party [(2113929230, <P1-id>), (2113929264, 1000000002), (2113929253, <P1-id>), (2113929270, <P1-id>)]
00:47:54   relay48460 > MissionStartPush len=10574 flags=0x80
00:47:54   MissionStart for slot 1: party [(2113929230, <P1-id>), (2113929264, 1000000002), (2113929253, <P1-id>), (2113929270, <P1-id>)]
00:47:54   relay44864 > MissionStartPush len=8191 flags=0x80
00:48:01 relay48460 < StartBattleStage ctr=0 flags=0x0 len=0 
00:48:01 relay44864 < StartBattleStage ctr=0 flags=0x0 len=0 
00:48:01   relay48460 > StartBattleStageRes len=4 flags=0x0
00:48:01   relay44864 > StartBattleStageRes len=4 flags=0x0
00:48:07 relay48460 < FinishBattleStage ctr=0 flags=0x0 len=0 
00:48:08 relay44864 < FinishBattleStage ctr=0 flags=0x0 len=0 
00:48:08   relay48460 > FinishBattleStageRes len=0 flags=0x0
00:48:08   relay44864 > FinishBattleStageRes len=0 flags=0x0
00:48:15 relay48460 < StartBattleStage ctr=0 flags=0x0 len=0 
00:48:15 relay44864 < StartBattleStage ctr=0 flags=0x0 len=0 
00:48:15   relay48460 > StartBattleStageRes len=4 flags=0x0
00:48:15   relay44864 > StartBattleStageRes len=4 flags=0x0
00:48:23 relay48460 < FinishBattleStage ctr=0 flags=0x0 len=0 
00:48:23 relay48460 < MissionEnd ctr=0 flags=0x80 len=3741 <decrypted: uuid[36] (redacted), DeviceType, len, battle log>
00:48:23   MissionEnd from slot 0: uuid fedc…..., battle log 3697 bytes
00:48:23   relay48460 > MissionEndPush len=108433 flags=0x80
00:48:24 relay44864 < FinishBattleStage ctr=0 flags=0x0 len=0 
00:48:24   relay48460 > FinishBattleStageRes len=0 flags=0x0
00:48:24   relay44864 > FinishBattleStageRes len=0 flags=0x0
00:48:24 relay44864 < MissionEnd ctr=0 flags=0x80 len=3739 <decrypted: uuid[36] (redacted), DeviceType, len, battle log>
00:48:24   MissionEnd from slot 1: uuid fedc…..., battle log 3695 bytes
00:48:24   relay44864 > MissionEndPush len=106049 flags=0x80
00:48:38 relay44864 closed
00:48:38   relay48460 > DisconnectNodePush len=8 flags=0x0
00:48:41 relay48460 closed
